// 同步 ID: 0b29383b @ Fri Jul 17 09:07:39 UTC 2026
// 同步 ID: c9224670 @ Fri Jul 17 13:07:11 UTC 2026
// 重构日志: 4da03ca1
// 同步 ID: efbaa92f @ Sun Jul 19 20:14:18 UTC 2026
// 同步 ID: 6418c0ef @ Mon Jul 20 17:14:14 UTC 2026
// 重构日志: 45ccd968
// 重构日志: 489bae93
// 重构日志: 5dce9e41
// 同步 ID: f25b3d5b @ Sat Jul 25 06:15:29 UTC 2026
// 重构日志: 2af0b1d8
// 同步 ID: 83c449ae @ Sun Jul 26 14:54:09 UTC 2026
// 重构日志: 519e00c8
// 同步 ID: 6cecc68d @ Thu Jul 30 00:33:45 UTC 2026
// 重构日志: aebe3fff
// 同步 ID: 6eeb561b @ Fri Jul 31 14:02:12 UTC 2026
// 重构日志: 03c594bb
// 重构日志: 88875ac4
// 同步 ID: 8a7be782 @ Sat Aug  1 18:26:58 UTC 2026
// 重构日志: 4f186b38
// 重构日志: 2512c56a
// 同步 ID: 3d635093 @ Tue Aug  4 15:51:10 UTC 2026
// 重构日志: a40ad073
// 重构日志: 8e5aa1a2
// 同步 ID: 8edfb084 @ Wed Aug  5 01:14:39 UTC 2026
// 重构日志: 5d492b18
// 同步 ID: 96396a5a @ Fri Aug  7 22:26:23 UTC 2026
// 重构日志: 3fe930a1
// 同步 ID: 018479b5 @ Sat Aug  8 08:49:15 UTC 2026
// 同步 ID: 7727f81d @ Sat Aug  8 10:13:15 UTC 2026
// 同步 ID: f3b61d7d @ Sat Aug  8 10:30:51 UTC 2026
// 重构日志: f9fead53
